// Jest Snapshot v1, https://goo.gl/fbAQLP

exports[`renders an accordion with multiple elements 1`] = `
<div>
  <div
    aria-multiselectable="true"
    class="usa-accordion"
  >
    <h2
      class="usa-accordion__heading"
    >
      <button
        aria-controls="1"
        aria-expanded="true"
        class="usa-accordion__button"
      >
        Element 1
      </button>
    </h2>
    <div
      class="usa-accordion__content usa-prose"
      id="1"
    >
      <p>
        Hello this is an item in the accordion.
      </p>
    </div>
    <h2
      class="usa-accordion__heading"
    >
      <button
        aria-controls="2"
        aria-expanded="true"
        class="usa-accordion__button"
      >
        Element 2
      </button>
    </h2>
    <div
      class="usa-accordion__content usa-prose"
      id="2"
    >
      <p>
        Hello this is a second item in the accordion.
      </p>
    </div>
    <h2
      class="usa-accordion__heading"
    >
      <button
        aria-controls="3"
        aria-expanded="true"
        class="usa-accordion__button"
      >
        Element 3
      </button>
    </h2>
    <div
      class="usa-accordion__content usa-prose"
      id="3"
    >
      <p>
        Hello this is a third item in the accordion.
      </p>
    </div>
  </div>
</div>
`;
