// Jest Snapshot v1, https://goo.gl/fbAQLP

exports[`renders the ChooseData component 1`] = `
<div>
  <div
    class="grid-col-6"
  >
    <label
      class="usa-label text-bold"
      for="fieldset"
    >
      Data
    </label>
    <div
      class="usa-hint"
    >
      Choose an existing dataset or create a new one to populate this chart.
       
      <a
        aria-label=""
        class="link"
        href="/admin/apihelp"
        target="_blank"
      >
        <span>
          How do I add datasets?
        </span>
        <svg
          aria-hidden="true"
          class="svg-inline--fa fa-external-link-alt fa-w-16 fa-xs margin-left-05"
          data-icon="external-link-alt"
          data-prefix="fas"
          focusable="false"
          role="img"
          viewBox="0 0 512 512"
          xmlns="http://www.w3.org/2000/svg"
        >
          <path
            d="M432,320H400a16,16,0,0,0-16,16V448H64V128H208a16,16,0,0,0,16-16V80a16,16,0,0,0-16-16H48A48,48,0,0,0,0,112V464a48,48,0,0,0,48,48H400a48,48,0,0,0,48-48V336A16,16,0,0,0,432,320ZM488,0h-128c-21.37,0-32.05,25.91-17,41l35.73,35.73L135,320.37a24,24,0,0,0,0,34L157.67,377a24,24,0,0,0,34,0L435.28,133.32,471,169c15,15,41,4.5,41-17V24A24,24,0,0,0,488,0Z"
            fill="currentColor"
          />
        </svg>
      </a>
    </div>
  </div>
  <fieldset
    class="usa-fieldset"
    id="fieldset"
  >
    <legend
      class="usa-sr-only"
    >
      Content item types
    </legend>
    <div
      class="grid-row"
    >
      <div
        class="grid-col-4 padding-right-2 padding-top-2"
      >
        <div
          class="usa-radio"
        >
          <div
            class="grid-col flex-5"
          >
            <input
              class="usa-radio__input usa-radio__input--tile"
              data-testid="staticDatasetRadioButton"
              id="staticDataset"
              name="datasetType"
              type="radio"
              value="StaticDataset"
            />
            <label
              class="usa-radio__label"
              for="staticDataset"
            >
              Static dataset
              <p
                class="usa-prose usa-checkbox__label-description"
              >
                Upload a new dataset from file or elect an existing dataset.
              </p>
            </label>
          </div>
        </div>
      </div>
      <div
        class="grid-col-4 padding-right-2 padding-top-2"
      >
        <div
          class="usa-radio"
        >
          <div
            class="grid-col flex-5"
          >
            <input
              class="usa-radio__input usa-radio__input--tile"
              data-testid="dynamicDatasetRadioButton"
              id="dynamicDataset"
              name="datasetType"
              type="radio"
              value="DynamicDataset"
            />
            <label
              class="usa-radio__label"
              for="dynamicDataset"
            >
              Dynamic dataset
              <p
                class="usa-prose usa-checkbox__label-description"
              >
                Choose from a list of continuously updated datasets.
              </p>
            </label>
          </div>
        </div>
      </div>
    </div>
    <div
      hidden=""
    >
      <div
        class="grid-row"
      >
        <div
          class="grid-col-5"
        >
          <div
            class="usa-form-group"
          >
            <label
              class="usa-label text-bold"
              for="dataset"
            >
              Static datasets
            </label>
            <div
              class="usa-hint"
            >
              <span>
                Upload a dataset from a CSV or Excel file, or choose an existing static dataset.
                 
                <a
                  aria-label=""
                  class="link"
                  href="/admin/formatting"
                  target="_blank"
                >
                  <span>
                    How do I format my file?
                  </span>
                  <svg
                    aria-hidden="true"
                    class="svg-inline--fa fa-external-link-alt fa-w-16 fa-xs margin-left-05"
                    data-icon="external-link-alt"
                    data-prefix="fas"
                    focusable="false"
                    role="img"
                    viewBox="0 0 512 512"
                    xmlns="http://www.w3.org/2000/svg"
                  >
                    <path
                      d="M432,320H400a16,16,0,0,0-16,16V448H64V128H208a16,16,0,0,0,16-16V80a16,16,0,0,0-16-16H48A48,48,0,0,0,0,112V464a48,48,0,0,0,48,48H400a48,48,0,0,0,48-48V336A16,16,0,0,0,432,320ZM488,0h-128c-21.37,0-32.05,25.91-17,41l35.73,35.73L135,320.37a24,24,0,0,0,0,34L157.67,377a24,24,0,0,0,34,0L435.28,133.32,471,169c15,15,41,4.5,41-17V24A24,24,0,0,0,488,0Z"
                      fill="currentColor"
                    />
                  </svg>
                </a>
              </span>
            </div>
            0
            <div
              class="usa-file-input"
            >
              <div
                class="usa-file-input__target"
              >
                <div
                  aria-hidden="true"
                  class="usa-file-input__instructions"
                >
                  <span
                    class="usa-file-input__drag-text"
                  >
                    Drag file here or 
                  </span>
                  <span
                    class="usa-file-input__choose"
                  >
                    choose from folder
                  </span>
                </div>
                <div
                  class="usa-file-input__box"
                />
                <input
                  accept=".csv,application/vnd.openxmlformats-officedocument.spreadsheetml.sheet"
                  class="usa-file-input__input"
                  id="dataset"
                  name="dataset"
                  type="file"
                />
              </div>
            </div>
          </div>
        </div>
        <div
          class="grid-col-3 padding-left-3"
        >
          <button
            class="usa-button usa-button--outline datasetsButton"
            type="button"
          >
            Browse datasets
          </button>
        </div>
      </div>
    </div>
    <div>
      <div
        class="grid-row margin-top-3 margin-bottom-1"
      >
        <div
          class="tablet:grid-col-4 padding-top-1px"
        >
          <div
            class="usa-search usa-search--small"
            role="search"
          >
            <label
              class="usa-sr-only"
              for="search"
            >
              Search
            </label>
            <input
              class="usa-input"
              id="search"
              name="query"
              placeholder=""
              style="height: 37px;"
              type="search"
              value=""
            />
            <button
              class="usa-button usa-button--base padding-x-2"
              style="height: 37px; border-top-left-radius: 0; border-bottom-left-radius: 0;"
              type="button"
            >
              <svg
                aria-hidden="true"
                class="svg-inline--fa fa-search fa-w-16 "
                data-icon="search"
                data-prefix="fas"
                focusable="false"
                role="img"
                style="margin-top: -3px;"
                viewBox="0 0 512 512"
                xmlns="http://www.w3.org/2000/svg"
              >
                <path
                  d="M505 442.7L405.3 343c-4.5-4.5-10.6-7-17-7H372c27.6-35.3 44-79.7 44-128C416 93.1 322.9 0 208 0S0 93.1 0 208s93.1 208 208 208c48.3 0 92.7-16.4 128-44v16.3c0 6.4 2.5 12.5 7 17l99.7 99.7c9.4 9.4 24.6 9.4 33.9 0l28.3-28.3c9.4-9.4 9.4-24.6.1-34zM208 336c-70.7 0-128-57.2-128-128 0-70.7 57.2-128 128-128 70.7 0 128 57.2 128 128 0 70.7-57.2 128-128 128z"
                  fill="currentColor"
                />
              </svg>
              <span
                class="usa-sr-only"
              >
                Search
              </span>
            </button>
          </div>
        </div>
      </div>
      <div
        class="overflow-hidden"
      >
        <div
          class="overflow-x-hidden overflow-y-hidden"
        >
          <table
            class="usa-table usa-table--borderless"
            role="table"
            width="100%"
          >
            <thead>
              <tr
                role="row"
              >
                <th
                  colspan="1"
                  role="columnheader"
                  scope="col"
                  style="padding: 0.5rem 1rem;"
                >
                  <span>
                    <div />
                  </span>
                </th>
                <th
                  colspan="1"
                  role="columnheader"
                  scope="col"
                  style="padding: 0.5rem 1rem;"
                >
                  <span>
                    Name
                  </span>
                  <button
                    class="margin-left-1 usa-button usa-button--unstyled"
                    style="cursor: pointer;"
                    title="Toggle SortBy Name"
                    type="button"
                  >
                    <svg
                      aria-hidden="true"
                      class="svg-inline--fa fa-chevron-up fa-w-14 hover:text-base text-base-lighter"
                      data-icon="chevron-up"
                      data-prefix="fas"
                      focusable="false"
                      role="img"
                      viewBox="0 0 448 512"
                      xmlns="http://www.w3.org/2000/svg"
                    >
                      <path
                        d="M240.971 130.524l194.343 194.343c9.373 9.373 9.373 24.569 0 33.941l-22.667 22.667c-9.357 9.357-24.522 9.375-33.901.04L224 227.495 69.255 381.516c-9.379 9.335-24.544 9.317-33.901-.04l-22.667-22.667c-9.373-9.373-9.373-24.569 0-33.941L207.03 130.525c9.372-9.373 24.568-9.373 33.941-.001z"
                        fill="currentColor"
                      />
                    </svg>
                  </button>
                </th>
                <th
                  colspan="1"
                  role="columnheader"
                  scope="col"
                  style="padding: 0.5rem 1rem;"
                >
                  <span>
                    Last updated
                  </span>
                  <button
                    class="margin-left-1 usa-button usa-button--unstyled"
                    style="cursor: pointer;"
                    title="Toggle SortBy Last updated"
                    type="button"
                  >
                    <svg
                      aria-hidden="true"
                      class="svg-inline--fa fa-chevron-down fa-w-14 hover:text-base text-base-darkest"
                      data-icon="chevron-down"
                      data-prefix="fas"
                      focusable="false"
                      role="img"
                      viewBox="0 0 448 512"
                      xmlns="http://www.w3.org/2000/svg"
                    >
                      <path
                        d="M207.029 381.476L12.686 187.132c-9.373-9.373-9.373-24.569 0-33.941l22.667-22.667c9.357-9.357 24.522-9.375 33.901-.04L224 284.505l154.745-154.021c9.379-9.335 24.544-9.317 33.901.04l22.667 22.667c9.373 9.373 9.373 24.569 0 33.941L240.971 381.476c-9.373 9.372-24.569 9.372-33.942 0z"
                        fill="currentColor"
                      />
                    </svg>
                  </button>
                </th>
                <th
                  colspan="1"
                  role="columnheader"
                  scope="col"
                  style="padding: 0.5rem 1rem;"
                >
                  <span>
                    Description
                  </span>
                  <button
                    class="margin-left-1 usa-button usa-button--unstyled"
                    style="cursor: pointer;"
                    title="Toggle SortBy Description"
                    type="button"
                  >
                    <svg
                      aria-hidden="true"
                      class="svg-inline--fa fa-chevron-up fa-w-14 hover:text-base text-base-lighter"
                      data-icon="chevron-up"
                      data-prefix="fas"
                      focusable="false"
                      role="img"
                      viewBox="0 0 448 512"
                      xmlns="http://www.w3.org/2000/svg"
                    >
                      <path
                        d="M240.971 130.524l194.343 194.343c9.373 9.373 9.373 24.569 0 33.941l-22.667 22.667c-9.357 9.357-24.522 9.375-33.901.04L224 227.495 69.255 381.516c-9.379 9.335-24.544 9.317-33.901-.04l-22.667-22.667c-9.373-9.373-9.373-24.569 0-33.941L207.03 130.525c9.372-9.373 24.568-9.373 33.941-.001z"
                        fill="currentColor"
                      />
                    </svg>
                  </button>
                </th>
                <th
                  colspan="1"
                  role="columnheader"
                  scope="col"
                  style="padding: 0.5rem 1rem;"
                >
                  <span>
                    Tags
                  </span>
                  <button
                    class="margin-left-1 usa-button usa-button--unstyled"
                    style="cursor: pointer;"
                    title="Toggle SortBy Tags"
                    type="button"
                  >
                    <svg
                      aria-hidden="true"
                      class="svg-inline--fa fa-chevron-up fa-w-14 hover:text-base text-base-lighter"
                      data-icon="chevron-up"
                      data-prefix="fas"
                      focusable="false"
                      role="img"
                      viewBox="0 0 448 512"
                      xmlns="http://www.w3.org/2000/svg"
                    >
                      <path
                        d="M240.971 130.524l194.343 194.343c9.373 9.373 9.373 24.569 0 33.941l-22.667 22.667c-9.357 9.357-24.522 9.375-33.901.04L224 227.495 69.255 381.516c-9.379 9.335-24.544 9.317-33.901-.04l-22.667-22.667c-9.373-9.373-9.373-24.569 0-33.941L207.03 130.525c9.372-9.373 24.568-9.373 33.941-.001z"
                        fill="currentColor"
                      />
                    </svg>
                  </button>
                </th>
              </tr>
            </thead>
            <tbody
              role="rowgroup"
            >
              <tr
                role="row"
              >
                <td
                  role="cell"
                >
                  <div>
                    <input
                      style="cursor: pointer;"
                      title="Toggle Row Selected"
                      type="radio"
                    />
                  </div>
                </td>
                <td
                  role="cell"
                >
                  abc
                </td>
                <td
                  role="cell"
                >
                  2020-01-01 00:00
                </td>
                <td
                  role="cell"
                >
                  
                </td>
                <td
                  role="cell"
                >
                  
                </td>
              </tr>
              <tr
                role="row"
              >
                <td
                  class="button-cell-padding button-cell-border"
                  colspan="5"
                  role="cell"
                >
                  <div
                    class="grid-row margin-y-1 font-sans-sm"
                  >
                    <div
                      class="grid-col-4"
                    >
                      <span
                        class="margin-left-1 margin-right-2px"
                      >
                        Page 
                      </span>
                      <span
                        class="margin-right-1"
                      >
                        <input
                          class="margin-right-2px"
                          pattern="\\\\d*"
                          style="width: 33px;"
                          type="text"
                          value="1"
                        />
                         of 1 
                      </span>
                      <button
                        class="usa-button usa-button--unstyled margin-right-2 text-base-darker hover:text-base-darkest active:text-base-darkest"
                        type="button"
                      >
                        Go
                      </button>
                    </div>
                    <div
                      class="grid-col-4 text-center"
                    >
                      <button
                        class="margin-right-1"
                        disabled=""
                        type="button"
                      >
                        <svg
                          aria-hidden="true"
                          class="svg-inline--fa fa-angle-double-left fa-w-14 margin-top-2px"
                          data-icon="angle-double-left"
                          data-prefix="fas"
                          focusable="false"
                          role="img"
                          viewBox="0 0 448 512"
                          xmlns="http://www.w3.org/2000/svg"
                        >
                          <path
                            d="M223.7 239l136-136c9.4-9.4 24.6-9.4 33.9 0l22.6 22.6c9.4 9.4 9.4 24.6 0 33.9L319.9 256l96.4 96.4c9.4 9.4 9.4 24.6 0 33.9L393.7 409c-9.4 9.4-24.6 9.4-33.9 0l-136-136c-9.5-9.4-9.5-24.6-.1-34zm-192 34l136 136c9.4 9.4 24.6 9.4 33.9 0l22.6-22.6c9.4-9.4 9.4-24.6 0-33.9L127.9 256l96.4-96.4c9.4-9.4 9.4-24.6 0-33.9L201.7 103c-9.4-9.4-24.6-9.4-33.9 0l-136 136c-9.5 9.4-9.5 24.6-.1 34z"
                            fill="currentColor"
                          />
                        </svg>
                      </button>
                      <button
                        class="margin-right-2"
                        disabled=""
                        type="button"
                      >
                        <svg
                          aria-hidden="true"
                          class="svg-inline--fa fa-angle-left fa-w-8 margin-top-2px"
                          data-icon="angle-left"
                          data-prefix="fas"
                          focusable="false"
                          role="img"
                          viewBox="0 0 256 512"
                          xmlns="http://www.w3.org/2000/svg"
                        >
                          <path
                            d="M31.7 239l136-136c9.4-9.4 24.6-9.4 33.9 0l22.6 22.6c9.4 9.4 9.4 24.6 0 33.9L127.9 256l96.4 96.4c9.4 9.4 9.4 24.6 0 33.9L201.7 409c-9.4 9.4-24.6 9.4-33.9 0l-136-136c-9.5-9.4-9.5-24.6-.1-34z"
                            fill="currentColor"
                          />
                        </svg>
                      </button>
                      
                      <button
                        class="margin-right-1"
                        disabled=""
                        type="button"
                      >
                        <svg
                          aria-hidden="true"
                          class="svg-inline--fa fa-angle-right fa-w-8 margin-top-2px"
                          data-icon="angle-right"
                          data-prefix="fas"
                          focusable="false"
                          role="img"
                          viewBox="0 0 256 512"
                          xmlns="http://www.w3.org/2000/svg"
                        >
                          <path
                            d="M224.3 273l-136 136c-9.4 9.4-24.6 9.4-33.9 0l-22.6-22.6c-9.4-9.4-9.4-24.6 0-33.9l96.4-96.4-96.4-96.4c-9.4-9.4-9.4-24.6 0-33.9L54.3 103c9.4-9.4 24.6-9.4 33.9 0l136 136c9.5 9.4 9.5 24.6.1 34z"
                            fill="currentColor"
                          />
                        </svg>
                      </button>
                      <button
                        disabled=""
                        type="button"
                      >
                        <svg
                          aria-hidden="true"
                          class="svg-inline--fa fa-angle-double-right fa-w-14 margin-top-2px"
                          data-icon="angle-double-right"
                          data-prefix="fas"
                          focusable="false"
                          role="img"
                          viewBox="0 0 448 512"
                          xmlns="http://www.w3.org/2000/svg"
                        >
                          <path
                            d="M224.3 273l-136 136c-9.4 9.4-24.6 9.4-33.9 0l-22.6-22.6c-9.4-9.4-9.4-24.6 0-33.9l96.4-96.4-96.4-96.4c-9.4-9.4-9.4-24.6 0-33.9L54.3 103c9.4-9.4 24.6-9.4 33.9 0l136 136c9.5 9.4 9.5 24.6.1 34zm192-34l-136-136c-9.4-9.4-24.6-9.4-33.9 0l-22.6 22.6c-9.4 9.4-9.4 24.6 0 33.9l96.4 96.4-96.4 96.4c-9.4 9.4-9.4 24.6 0 33.9l22.6 22.6c9.4 9.4 24.6 9.4 33.9 0l136-136c9.4-9.2 9.4-24.4 0-33.8z"
                            fill="currentColor"
                          />
                        </svg>
                      </button>
                    </div>
                    <div
                      class="grid-col-4 text-right"
                    >
                      <select
                        class="margin-right-05"
                      >
                        <option
                          value="5"
                        >
                          Show 5
                        </option>
                        <option
                          value="10"
                        >
                          Show 10
                        </option>
                        <option
                          value="20"
                        >
                          Show 20
                        </option>
                        <option
                          value="25"
                        >
                          Show 25
                        </option>
                        <option
                          value="50"
                        >
                          Show 50
                        </option>
                        <option
                          value="100"
                        >
                          Show 100
                        </option>
                      </select>
                    </div>
                  </div>
                  <hr
                    class="border-top margin-0"
                  />
                  <div
                    class="grid-row text-base-darkest text-italic padding-y-05 padding-right-1"
                  >
                    <div
                      class="grid-col-12 text-right"
                    >
                      Showing 1-1 of 1
                    </div>
                  </div>
                </td>
              </tr>
            </tbody>
          </table>
        </div>
      </div>
    </div>
  </fieldset>
  <br />
  <br />
  <hr />
  <button
    class="usa-button usa-button--outline"
    type="button"
  >
    Back
  </button>
  <button
    class="usa-button usa-button--base"
    type="button"
  >
    Continue
  </button>
  <button
    class="usa-button usa-button--unstyled text-base-dark hover:text-base-darker active:text-base-darkest"
    type="button"
  >
    Cancel
  </button>
</div>
`;
