// Jest Snapshot v1, https://goo.gl/fbAQLP

exports[`renders a content item 1`] = `
<div>
  <div
    aria-label="1"
    class="border-base-lighter border-1px shadow-1 z-200 radius-lg bg-white margin-y-1"
    draggable="true"
    role="listitem"
    style="opacity: 1; cursor: pointer;"
  >
    <p>
      Test
    </p>
  </div>
</div>
`;
