// Jest Snapshot v1, https://goo.gl/fbAQLP

exports[`image preview should match snapshot 1`] = `
<div>
  <div
    class="preview-container"
  >
    <h3
      class="margin-top-3"
    >
      test title
    </h3>
    <div
      class="Markdown usa-prose margin-top-0 margin-bottom-3 imageSummaryAbove textOrSummary"
    >
      <p>
        test summary
      </p>
    </div>
    <div>
      <img
        alt="alt text"
        height="auto"
        width="75%"
      />
    </div>
  </div>
</div>
`;
