// Jest Snapshot v1, https://goo.gl/fbAQLP

exports[`image preview should match snapshot 1`] = `
<div>
  <div
    class="preview-container"
  >
    <h2
      class="margin-top-3"
    >
      test title
    </h2>
    <div
      class="Markdown usa-prose margin-top-0 margin-bottom-3 imageSummaryAbove"
    >
      <p>
        test summary
      </p>
    </div>
    <div>
      <img
        alt="alt text"
      />
    </div>
  </div>
</div>
`;
