// Jest Snapshot v1, https://goo.gl/fbAQLP

exports[`metrics preview should match snapshot 1`] = `
<div>
  <div
    aria-label="test title"
    tabindex="-1"
  >
    <h2
      class="margin-top-3"
    >
      test title
    </h2>
    <div>
      <div
        class="grid-col"
        style="text-align: center;"
      >
        <div
          class="grid-row flex-column"
        >
          <div
            class="grid-col grid-row flex-row"
          >
            <div
              class="grid-col-4 padding-05"
            >
              <div
                class="display-flex flex-column border-base-lightest border-2px height-card padding-1 overflow-x-auto overflow-y-auto"
              >
                <div
                  class="flex-5"
                >
                  <p
                    class="text-base-darker text-bold margin-0 text-no-wrap"
                  >
                    test title
                  </p>
                </div>
                <div
                  class="flex-3 usa-tooltip"
                  data-position="bottom"
                  title="1"
                >
                  <span
                    class="margin-0 text-no-wrap font-sans-xl text-bold"
                    style="color: rgb(41, 180, 187);"
                  >
                    1
                  </span>
                </div>
                <div
                  class="flex-2"
                />
                <div
                  class="flex-2"
                />
              </div>
            </div>
          </div>
        </div>
      </div>
    </div>
  </div>
</div>
`;
