// Jest Snapshot v1, https://goo.gl/fbAQLP

exports[`renders a secondary action bar 1`] = `
<div>
  <div
    class="border-base-lighter border-1px shadow-2 z-300 radius-md padding-x-2 padding-top-2 padding-bottom-1 margin-top-2 margin-bottom-1 position-sticky bg-white undefined"
    style="top: 75px;"
  >
    <p>
      Test
    </p>
  </div>
</div>
`;
