// Jest Snapshot v1, https://goo.gl/fbAQLP

exports[`renders markdown text 1`] = `
<div>
  <div>
    <h2>
      Benefits of Bananas
    </h2>
    <div
      class="Markdown usa-prose"
    >
      <p>
        This 
        <strong>
          text
        </strong>
         has 
      </p>
    </div>
  </div>
</div>
`;
