// Jest Snapshot v1, https://goo.gl/fbAQLP

exports[`renders markdown text 1`] = `
<div>
  <div
    class="margin-left-1"
  >
    <h2>
      Benefits of Bananas
    </h2>
    <p>
      This 
      <strong>
        text
      </strong>
       has 
      <em>
        markdown
      </em>
    </p>
  </div>
</div>
`;
