// Jest Snapshot v1, https://goo.gl/fbAQLP

exports[`renders markdown text 1`] = `
<div>
  <div
    aria-label="Benefits of Bananas"
    class=""
  >
    <h3>
      Benefits of Bananas
    </h3>
    <div
      class="Markdown usa-prose textOrSummary"
    >
      <p>
        This 
        <strong>
          text
        </strong>
         has 
      </p>
    </div>
  </div>
</div>
`;
