// Jest Snapshot v1, https://goo.gl/fbAQLP

exports[`renders the VisualizeTable component 1`] = `
<div>
  <div
    class="grid-row width-desktop"
  >
    <div
      class="grid-col-5"
    >
      <div
        class="border-base-lighter border-1px shadow-3 z-500 radius-md padding-2 bg-white position-sticky "
      >
        <fieldset
          class="usa-fieldset"
        >
          <legend
            class="usa-hint grid-col-6"
          >
            Configure table content.
          </legend>
          <div
            class="usa-form-group"
            role="contentinfo"
          >
            <label
              class="usa-label text-bold"
              for="title"
            >
              Table title
              <span>
                *
              </span>
            </label>
            <div
              class="usa-hint"
              id="title-description"
            >
              Give your table a descriptive title.
            </div>
            <input
              aria-describedby="title-description"
              class="usa-input"
              id="title"
              name="title"
              type="text"
              value=""
            />
          </div>
          <div
            class="usa-checkbox"
          >
            <input
              checked=""
              class="usa-checkbox__input"
              id="display-title"
              name="showTitle"
              type="checkbox"
            />
            <label
              class="usa-checkbox__label"
              for="display-title"
            >
              Show title on dashboard
            </label>
          </div>
          <div
            class="margin-top-3 grid-col-6"
          >
            <div
              class="usa-form-group"
              role="contentinfo"
            >
              <label
                class="usa-label text-bold"
                for="sortData"
              >
                Sort data (optional)
              </label>
              <div
                class="usa-hint"
                id="sortData-description"
              />
              <select
                aria-describedby="sortData-description"
                class="usa-select"
                id="sortData"
                name="sortData"
              >
                <option
                  selected=""
                  value=""
                >
                  Select an option
                </option>
                <option
                  value="1###asc"
                >
                  "1" A-Z
                </option>
                <option
                  value="1###desc"
                >
                  "1" Z-A
                </option>
                <option
                  value="2###asc"
                >
                  "2" A-Z
                </option>
                <option
                  value="2###desc"
                >
                  "2" Z-A
                </option>
                <option
                  value="3###asc"
                >
                  "3" A-Z
                </option>
                <option
                  value="3###desc"
                >
                  "3" Z-A
                </option>
              </select>
            </div>
          </div>
          <div>
            <label
              class="usa-label text-bold"
            >
              Table Options (optional)
            </label>
            <div
              class="usa-hint"
            >
              Format your table
            </div>
            <div
              class="usa-checkbox"
            >
              <input
                class="usa-checkbox__input"
                id="significantDigitLabels"
                name="significantDigitLabels"
                type="checkbox"
              />
              <label
                class="usa-checkbox__label"
                for="significantDigitLabels"
              >
                Significant digit labels (123K, 1.2M)
              </label>
            </div>
            <div
              class="usa-checkbox"
            >
              <input
                class="usa-checkbox__input"
                id="displayWithPages"
                name="displayWithPages"
                type="checkbox"
              />
              <label
                class="usa-checkbox__label"
                for="displayWithPages"
              >
                Display with pages
              </label>
            </div>
          </div>
          <div
            class="usa-form-group"
            role="contentinfo"
          >
            <label
              class="usa-label text-bold"
              for="summary"
            >
              Table summary (optional)
            </label>
            <div
              class="usa-hint"
              id="summary-description"
            >
              Give your table a summary to explain it in more depth. It can also be read by screen readers to describe the table for those with visual impairments. This field supports markdown.
               
              <a
                aria-label=""
                class="usa-link action-link"
                href="/admin/markdown"
                target="_blank"
              >
                <span>
                  View Markdown Syntax
                </span>
                <svg
                  aria-hidden="true"
                  class="svg-inline--fa fa-external-link-alt fa-w-16 fa-xs margin-left-05"
                  data-icon="external-link-alt"
                  data-prefix="fas"
                  focusable="false"
                  role="img"
                  viewBox="0 0 512 512"
                  xmlns="http://www.w3.org/2000/svg"
                >
                  <path
                    d="M432,320H400a16,16,0,0,0-16,16V448H64V128H208a16,16,0,0,0,16-16V80a16,16,0,0,0-16-16H48A48,48,0,0,0,0,112V464a48,48,0,0,0,48,48H400a48,48,0,0,0,48-48V336A16,16,0,0,0,432,320ZM488,0h-128c-21.37,0-32.05,25.91-17,41l35.73,35.73L135,320.37a24,24,0,0,0,0,34L157.67,377a24,24,0,0,0,34,0L435.28,133.32,471,169c15,15,41,4.5,41-17V24A24,24,0,0,0,488,0Z"
                    fill="currentColor"
                  />
                </svg>
              </a>
            </div>
            <textarea
              aria-describedby="summary-description"
              class="usa-textarea"
              id="summary"
              name="summary"
              rows="5"
              style="height: auto;"
            />
          </div>
          <div
            class="usa-checkbox"
          >
            <input
              class="usa-checkbox__input"
              id="summary-below"
              name="summaryBelow"
              type="checkbox"
            />
            <label
              class="usa-checkbox__label"
              for="summary-below"
            >
              Show summary below table
            </label>
          </div>
          <br />
          <br />
          <hr />
          <button
            class="usa-button usa-button--outline"
            type="button"
          >
            Back
          </button>
          <button
            class="usa-button usa-button--base"
            type="submit"
          >
            Add Table
          </button>
          <button
            class="usa-button usa-button--unstyled text-base-dark hover:text-base-darker active:text-base-darkest"
            type="button"
          >
            Cancel
          </button>
        </fieldset>
      </div>
    </div>
    <div
      class="grid-col-7"
    >
      <div
        class="margin-left-4 sticky-preview"
      >
        <button
          class="usa-button usa-button--base"
        >
          Full preview
        </button>
        
        <div
          aria-label="Test"
          class="overflow-x-hidden overflow-y-hidden"
          tabindex="-1"
        >
          <h3
            class="margin-bottom-1"
          >
            Test
          </h3>
          <div
            class="Markdown usa-prose margin-top-0 margin-bottom-3 tableSummaryAbove textOrSummary"
          />
          <div
            class="overflow-x-hidden overflow-y-hidden"
          >
            <table
              class="usa-table usa-table--borderless"
              role="table"
            >
              <thead>
                <tr
                  role="row"
                >
                  <th
                    aria-sort=""
                    colspan="1"
                    role="columnheader"
                    scope="col"
                    style="min-width: 150px;"
                  >
                    <span>
                      id
                    </span>
                    <button
                      class="margin-left-1 usa-button usa-button--unstyled"
                      style="cursor: pointer;"
                      title="Toggle SortBy id"
                      type="button"
                    >
                      <svg
                        aria-hidden="true"
                        class="svg-inline--fa fa-chevron-up fa-w-14 hover:text-base text-base"
                        data-icon="chevron-up"
                        data-prefix="fas"
                        focusable="false"
                        role="img"
                        viewBox="0 0 448 512"
                        xmlns="http://www.w3.org/2000/svg"
                      >
                        <path
                          d="M240.971 130.524l194.343 194.343c9.373 9.373 9.373 24.569 0 33.941l-22.667 22.667c-9.357 9.357-24.522 9.375-33.901.04L224 227.495 69.255 381.516c-9.379 9.335-24.544 9.317-33.901-.04l-22.667-22.667c-9.373-9.373-9.373-24.569 0-33.941L207.03 130.525c9.372-9.373 24.568-9.373 33.941-.001z"
                          fill="currentColor"
                        />
                      </svg>
                    </button>
                  </th>
                  <th
                    aria-sort=""
                    colspan="1"
                    role="columnheader"
                    scope="col"
                    style="min-width: 150px;"
                  >
                    <span>
                      name
                    </span>
                    <button
                      class="margin-left-1 usa-button usa-button--unstyled"
                      style="cursor: pointer;"
                      title="Toggle SortBy name"
                      type="button"
                    >
                      <svg
                        aria-hidden="true"
                        class="svg-inline--fa fa-chevron-up fa-w-14 hover:text-base text-base"
                        data-icon="chevron-up"
                        data-prefix="fas"
                        focusable="false"
                        role="img"
                        viewBox="0 0 448 512"
                        xmlns="http://www.w3.org/2000/svg"
                      >
                        <path
                          d="M240.971 130.524l194.343 194.343c9.373 9.373 9.373 24.569 0 33.941l-22.667 22.667c-9.357 9.357-24.522 9.375-33.901.04L224 227.495 69.255 381.516c-9.379 9.335-24.544 9.317-33.901-.04l-22.667-22.667c-9.373-9.373-9.373-24.569 0-33.941L207.03 130.525c9.372-9.373 24.568-9.373 33.941-.001z"
                          fill="currentColor"
                        />
                      </svg>
                    </button>
                  </th>
                  <th
                    aria-sort=""
                    colspan="1"
                    role="columnheader"
                    scope="col"
                    style="min-width: 150px;"
                  >
                    <span>
                      updatedAt
                    </span>
                    <button
                      class="margin-left-1 usa-button usa-button--unstyled"
                      style="cursor: pointer;"
                      title="Toggle SortBy updatedAt"
                      type="button"
                    >
                      <svg
                        aria-hidden="true"
                        class="svg-inline--fa fa-chevron-up fa-w-14 hover:text-base text-base"
                        data-icon="chevron-up"
                        data-prefix="fas"
                        focusable="false"
                        role="img"
                        viewBox="0 0 448 512"
                        xmlns="http://www.w3.org/2000/svg"
                      >
                        <path
                          d="M240.971 130.524l194.343 194.343c9.373 9.373 9.373 24.569 0 33.941l-22.667 22.667c-9.357 9.357-24.522 9.375-33.901.04L224 227.495 69.255 381.516c-9.379 9.335-24.544 9.317-33.901-.04l-22.667-22.667c-9.373-9.373-9.373-24.569 0-33.941L207.03 130.525c9.372-9.373 24.568-9.373 33.941-.001z"
                          fill="currentColor"
                        />
                      </svg>
                    </button>
                  </th>
                </tr>
              </thead>
              <tbody
                role="rowgroup"
              >
                <tr
                  role="row"
                >
                  <th
                    role="cell"
                    scope="row"
                  >
                    1
                  </th>
                  <td
                    role="cell"
                  >
                    Banana
                  </td>
                  <td
                    role="cell"
                  >
                    2021-11-11
                  </td>
                </tr>
                <tr
                  role="row"
                >
                  <th
                    role="cell"
                    scope="row"
                  >
                    2
                  </th>
                  <td
                    role="cell"
                  >
                    Chocolate
                  </td>
                  <td
                    role="cell"
                  >
                    2020-11-11
                  </td>
                </tr>
                <tr
                  role="row"
                >
                  <th
                    role="cell"
                    scope="row"
                  >
                    3
                  </th>
                  <td
                    role="cell"
                  >
                    Vanilla
                  </td>
                  <td
                    role="cell"
                  >
                    2019-11-11
                  </td>
                </tr>
                <tr
                  role="row"
                >
                  <td
                    class="button-cell-padding button-cell-border"
                    colspan="3"
                    role="cell"
                  >
                    <div
                      class="grid-row margin-y-1 font-sans-sm"
                    >
                      <div
                        class="grid-col-4"
                      >
                        <label
                          class="margin-left-1 margin-right-2px"
                          for="Page"
                        >
                          Page 
                        </label>
                        <span
                          class="margin-right-1"
                        >
                          <input
                            class="margin-right-2px"
                            id="Page"
                            pattern="\\\\d*"
                            style="width: 33px;"
                            type="text"
                            value="1"
                          />
                           of 1 
                        </span>
                        <button
                          class="usa-button usa-button--unstyled margin-right-1 text-base-darker hover:text-base-darkest active:text-base-darkest"
                          type="button"
                        >
                          Go
                        </button>
                      </div>
                      <div
                        class="grid-col-4 text-center"
                      >
                        <button
                          aria-label="Go to the first page"
                          class="margin-right-1"
                          disabled=""
                          type="button"
                        >
                          <svg
                            aria-hidden="true"
                            aria-label="Go to the first page"
                            class="svg-inline--fa fa-angle-double-left fa-w-14 margin-top-2px"
                            data-icon="angle-double-left"
                            data-prefix="fas"
                            focusable="false"
                            role="img"
                            viewBox="0 0 448 512"
                            xmlns="http://www.w3.org/2000/svg"
                          >
                            <path
                              d="M223.7 239l136-136c9.4-9.4 24.6-9.4 33.9 0l22.6 22.6c9.4 9.4 9.4 24.6 0 33.9L319.9 256l96.4 96.4c9.4 9.4 9.4 24.6 0 33.9L393.7 409c-9.4 9.4-24.6 9.4-33.9 0l-136-136c-9.5-9.4-9.5-24.6-.1-34zm-192 34l136 136c9.4 9.4 24.6 9.4 33.9 0l22.6-22.6c9.4-9.4 9.4-24.6 0-33.9L127.9 256l96.4-96.4c9.4-9.4 9.4-24.6 0-33.9L201.7 103c-9.4-9.4-24.6-9.4-33.9 0l-136 136c-9.5 9.4-9.5 24.6-.1 34z"
                              fill="currentColor"
                            />
                          </svg>
                        </button>
                        <button
                          aria-label="Go to the previous page"
                          class="margin-right-1"
                          disabled=""
                          type="button"
                        >
                          <svg
                            aria-hidden="true"
                            aria-label="Go to the previous page"
                            class="svg-inline--fa fa-angle-left fa-w-8 margin-top-2px"
                            data-icon="angle-left"
                            data-prefix="fas"
                            focusable="false"
                            role="img"
                            viewBox="0 0 256 512"
                            xmlns="http://www.w3.org/2000/svg"
                          >
                            <path
                              d="M31.7 239l136-136c9.4-9.4 24.6-9.4 33.9 0l22.6 22.6c9.4 9.4 9.4 24.6 0 33.9L127.9 256l96.4 96.4c9.4 9.4 9.4 24.6 0 33.9L201.7 409c-9.4 9.4-24.6 9.4-33.9 0l-136-136c-9.5-9.4-9.5-24.6-.1-34z"
                              fill="currentColor"
                            />
                          </svg>
                        </button>
                        
                        <button
                          aria-label="Go to the next page"
                          class="margin-right-1"
                          disabled=""
                          type="button"
                        >
                          <svg
                            aria-hidden="true"
                            aria-label="Go to the next page"
                            class="svg-inline--fa fa-angle-right fa-w-8 margin-top-2px"
                            data-icon="angle-right"
                            data-prefix="fas"
                            focusable="false"
                            role="img"
                            viewBox="0 0 256 512"
                            xmlns="http://www.w3.org/2000/svg"
                          >
                            <path
                              d="M224.3 273l-136 136c-9.4 9.4-24.6 9.4-33.9 0l-22.6-22.6c-9.4-9.4-9.4-24.6 0-33.9l96.4-96.4-96.4-96.4c-9.4-9.4-9.4-24.6 0-33.9L54.3 103c9.4-9.4 24.6-9.4 33.9 0l136 136c9.5 9.4 9.5 24.6.1 34z"
                              fill="currentColor"
                            />
                          </svg>
                        </button>
                        <button
                          aria-label="Go to the last page"
                          disabled=""
                          type="button"
                        >
                          <svg
                            aria-hidden="true"
                            aria-label="Go to the last page"
                            class="svg-inline--fa fa-angle-double-right fa-w-14 margin-top-2px"
                            data-icon="angle-double-right"
                            data-prefix="fas"
                            focusable="false"
                            role="img"
                            viewBox="0 0 448 512"
                            xmlns="http://www.w3.org/2000/svg"
                          >
                            <path
                              d="M224.3 273l-136 136c-9.4 9.4-24.6 9.4-33.9 0l-22.6-22.6c-9.4-9.4-9.4-24.6 0-33.9l96.4-96.4-96.4-96.4c-9.4-9.4-9.4-24.6 0-33.9L54.3 103c9.4-9.4 24.6-9.4 33.9 0l136 136c9.5 9.4 9.5 24.6.1 34zm192-34l-136-136c-9.4-9.4-24.6-9.4-33.9 0l-22.6 22.6c-9.4 9.4-9.4 24.6 0 33.9l96.4 96.4-96.4 96.4c-9.4 9.4-9.4 24.6 0 33.9l22.6 22.6c9.4 9.4 24.6 9.4 33.9 0l136-136c9.4-9.2 9.4-24.4 0-33.8z"
                              fill="currentColor"
                            />
                          </svg>
                        </button>
                      </div>
                      <div
                        class="grid-col-4 text-right"
                      >
                        <select
                          aria-label="Select the amount of results displayed on the page"
                          class="margin-right-05"
                        >
                          <option
                            value="5"
                          >
                            Show 5
                          </option>
                          <option
                            value="10"
                          >
                            Show 10
                          </option>
                          <option
                            value="20"
                          >
                            Show 20
                          </option>
                          <option
                            value="25"
                          >
                            Show 25
                          </option>
                          <option
                            value="50"
                          >
                            Show 50
                          </option>
                          <option
                            value="100"
                          >
                            Show 100
                          </option>
                        </select>
                      </div>
                    </div>
                    <hr
                      class="border-top margin-0"
                    />
                    <div
                      class="grid-row text-base-darker text-italic padding-y-05 padding-right-1"
                    >
                      <div
                        class="grid-col-6 text-left"
                      >
                        <div
                          style="display: inline-flex;"
                        >
                          <svg
                            aria-hidden="true"
                            class="svg-inline--fa fa-download fa-w-16 fa-xs margin-right-1"
                            data-icon="download"
                            data-prefix="fas"
                            focusable="false"
                            role="img"
                            viewBox="0 0 512 512"
                            xmlns="http://www.w3.org/2000/svg"
                          >
                            <path
                              d="M216 0h80c13.3 0 24 10.7 24 24v168h87.7c17.8 0 26.7 21.5 14.1 34.1L269.7 378.3c-7.5 7.5-19.8 7.5-27.3 0L90.1 226.1c-12.6-12.6-3.7-34.1 14.1-34.1H192V24c0-13.3 10.7-24 24-24zm296 376v112c0 13.3-10.7 24-24 24H24c-13.3 0-24-10.7-24-24V376c0-13.3 10.7-24 24-24h146.7l49 49c20.1 20.1 52.5 20.1 72.6 0l49-49H488c13.3 0 24 10.7 24 24zm-124 88c0-11-9-20-20-20s-20 9-20 20 9 20 20 20 20-9 20-20zm64 0c0-11-9-20-20-20s-20 9-20 20 9 20 20 20 20-9 20-20z"
                              fill="currentColor"
                            />
                          </svg>
                        </div>
                        <div
                          style="display: inline-flex;"
                        >
                          <div
                            class="margin-right-05"
                          >
                            <a
                              class="text-base-darker"
                              download="Test"
                              href="data:text/csv;charset=utf-8,﻿\\"id\\",\\"name\\",\\"updatedAt\\"
\\"1\\",\\"Banana\\",\\"2021-11-11\\"
\\"2\\",\\"Chocolate\\",\\"2020-11-11\\"
\\"3\\",\\"Vanilla\\",\\"2019-11-11\\""
                              target="_self"
                            >
                              Download table
                            </a>
                          </div>
                        </div>
                      </div>
                      <div
                        class="grid-col-6 text-right"
                      >
                        Showing 1-3 of 3
                      </div>
                    </div>
                  </td>
                </tr>
              </tbody>
            </table>
          </div>
        </div>
      </div>
    </div>
  </div>
</div>
`;
