// Jest Snapshot v1, https://goo.gl/fbAQLP

exports[`renders an empty box 1`] = `
<div>
  <div>
    <div
      class="border-base-lighter border-1px shadow-2 z-300 radius-md padding-x-2 padding-top-2 padding-bottom-1 margin-top-2 margin-bottom-1 position-sticky bg-white text-center padding-5 margin-y-2"
    >
      <div>
        <p>
          This dashboard has no content items. Build the dashboard by adding
           
          <br />
          charts, tables, text, and more as content.
        </p>
        <div
          class="text-center margin-top-4"
        >
          <button
            class="usa-button usa-button--base margin-top-1"
          >
            + Add content item
          </button>
        </div>
      </div>
    </div>
  </div>
</div>
`;
