// Jest Snapshot v1, https://goo.gl/fbAQLP

exports[`renders the API Help Page component 1`] = `
<div>
  <h1
    class="font-sans-2xl"
  >
    Use datasets to create data visualizations
  </h1>
  <div
    class="font-sans-lg usa-prose"
  >
    <p>
      There are three methods to populate chart or table data visualizations:
    </p>
  </div>
  <h2>
    Select a dynamic dataset
  </h2>
  <div
    class="usa-prose"
  >
    <p>
      These datasets update the data visualization automatically as new data is added to the source. Dynamic datasets are useful for visualizing streaming data that is updated frequently. Dynamic datasets are not configurable in the interface. If you have a dynamic dataset that needs to be configured,
       
      <a
        class="text-base-darkest"
        href="mailto:admin1@aol.com?subject=Performance Dashboard Assistance"
      >
        contact support
      </a>
      . If you want to learn more about how to set up dynamic datasets,
       
      <a
        class="text-base-darkest"
        href="https://github.com/awslabs/performance-dashboard-on-aws"
      >
        read our documentation.
      </a>
    </p>
  </div>
  <h2>
    Select a static dataset 
  </h2>
  <div
    class="usa-prose"
  >
    <p>
      This is a fixed dataset that has to be manually updated to update the data visualization. To update this data, you must make changes to the data on your local device, then upload the new dataset as a CSV file.
    </p>
  </div>
  <h2>
    Creating a new dataset from a file
  </h2>
  <div
    class="usa-prose"
  >
    <p>
      Upload a CSV file to create a new dataset. If you want to use a dataset that has already been uploaded, you can choose “select a static dataset” and browse existing datasets. If you need help formatting your CSV,
       
      <a
        aria-label=""
        class="link"
        href="/admin/formattingcsv"
        target="_blank"
      >
        <span>
          read our documentation
        </span>
        <svg
          aria-hidden="true"
          class="svg-inline--fa fa-external-link-alt fa-w-16 fa-xs margin-left-05"
          data-icon="external-link-alt"
          data-prefix="fas"
          focusable="false"
          role="img"
          viewBox="0 0 512 512"
          xmlns="http://www.w3.org/2000/svg"
        >
          <path
            d="M432,320H400a16,16,0,0,0-16,16V448H64V128H208a16,16,0,0,0,16-16V80a16,16,0,0,0-16-16H48A48,48,0,0,0,0,112V464a48,48,0,0,0,48,48H400a48,48,0,0,0,48-48V336A16,16,0,0,0,432,320ZM488,0h-128c-21.37,0-32.05,25.91-17,41l35.73,35.73L135,320.37a24,24,0,0,0,0,34L157.67,377a24,24,0,0,0,34,0L435.28,133.32,471,169c15,15,41,4.5,41-17V24A24,24,0,0,0,488,0Z"
            fill="currentColor"
          />
        </svg>
      </a>
    </p>
  </div>
</div>
`;
