// Jest Snapshot v1, https://goo.gl/fbAQLP

exports[`renders the component 1`] = `
<div>
  <div
    class="padding-1"
  >
    <nav
      aria-label="Breadcrumbs"
      class="usa-breadcrumb usa-breadcrumb--wrap"
    >
      <ol
        class="usa-breadcrumb__list"
      >
        <li
          class="usa-breadcrumb__list-item"
        >
          <a
            class="usa-breadcrumb__link"
            href="/"
          >
            <span>
              Home
            </span>
          </a>
        </li>
        <li
          aria-current="page"
          class="usa-breadcrumb__list-item usa-current"
        >
          <span>
            Contact Us
          </span>
        </li>
      </ol>
    </nav>
  </div>
  <h1
    id="contactUsLabel"
  >
    Contact Us
  </h1>
  <div>
    <div
      class="Markdown margin-bottom-2"
    />
    <div
      class="grid-row"
    >
      <div
        class="grid-col flex-9"
      >
        <div
          class="published-site font-sans-lg"
        />
      </div>
      <div
        class="grid-col flex-3 text-right"
      />
    </div>
  </div>
</div>
`;
