// Jest Snapshot v1, https://goo.gl/fbAQLP

exports[`renders a FourZeroFour component 1`] = `
<div>
  <div
    class="text-center"
  >
    <p
      class="font-sans-3xl text-heavy margin-top-9 margin-bottom-1"
    >
      404 / Page not found
    </p>
    <hr
      class="width-tablet border-base-light"
    />
    <p
      class="font-sans-md"
    >
      You may want to double-check your link and try again, or return to the
       
      <a
        aria-label=""
        class="link "
        href="/"
        target=""
      >
        <span>
          homepage
        </span>
      </a>
      .
    </p>
  </div>
</div>
`;
