// Jest Snapshot v1, https://goo.gl/fbAQLP

exports[`renders a FourZeroFour component 1`] = `
<div>
  <div
    class="text-center"
  >
    <p
      class="font-sans-3xl text-heavy margin-top-9 margin-bottom-1"
    >
      404 / Page not found
    </p>
    <hr
      class="width-tablet border-base-light"
    />
    <p
      class="font-sans-md"
    >
      You may want to double-check your link and try again, or return to the
       
      <a
        href="/"
      >
        homepage
      </a>
      .
    </p>
    <hr
      class="margin-top-9 border-base-lightest"
    />
  </div>
  <div
    class="text-base font-sans-sm"
  >
    Having technical issues with the platform?
     
    <a
      href="/"
    >
      Contact support
    </a>
    .
  </div>
</div>
`;
