// Jest Snapshot v1, https://goo.gl/fbAQLP

exports[`publishing guidance settings should match snapshot 1`] = `
<div>
  <div
    class="padding-1"
  >
    <nav
      aria-label="Breadcrumbs"
      class="usa-breadcrumb usa-breadcrumb--wrap"
    >
      <ol
        class="usa-breadcrumb__list"
      >
        <li
          class="usa-breadcrumb__list-item"
        >
          <a
            class="usa-breadcrumb__link"
            href="/admin/settings/topicarea"
          >
            <span>
              Settings
            </span>
          </a>
        </li>
        <li
          aria-current="page"
          class="usa-breadcrumb__list-item usa-current"
        >
          <span>
            Topic areas
          </span>
        </li>
      </ol>
    </nav>
  </div>
  <div
    class="usa-section padding-top-3"
  >
    <div
      class="grid-container padding-x-0"
    >
      <div
        class="grid-row grid-gap"
      >
        <div
          class="desktop:grid-col-3"
        >
          <nav
            aria-label="Left navigation"
          >
            <ul
              class="usa-sidenav"
            >
              <li
                class="usa-sidenav__item"
              >
                <a
                  aria-current="page"
                  class="usa-current"
                  href="/admin/settings"
                >
                  Settings
                </a>
                <ul
                  class="usa-sidenav__sublist"
                >
                  <li
                    class="usa-sidenav__item"
                  >
                    <a
                      aria-current="page"
                      class="usa-current"
                      href="/admin/settings/topicarea"
                    >
                      Topic areas
                    </a>
                  </li>
                </ul>
                <ul
                  class="usa-sidenav__sublist"
                >
                  <li
                    class="usa-sidenav__item"
                  >
                    <a
                      aria-current="page"
                      class=""
                      href="/admin/settings/publishingguidance"
                    >
                      Publishing guidance
                    </a>
                  </li>
                </ul>
                <ul
                  class="usa-sidenav__sublist"
                >
                  <li
                    class="usa-sidenav__item"
                  >
                    <a
                      aria-current="page"
                      class=""
                      href="/admin/settings/brandingandstyling"
                    >
                      Branding and styling
                    </a>
                  </li>
                </ul>
                <ul
                  class="usa-sidenav__sublist"
                >
                  <li
                    class="usa-sidenav__item"
                  >
                    <a
                      aria-current="page"
                      class=""
                      href="/admin/settings/publishedsite"
                    >
                      Published site
                    </a>
                  </li>
                </ul>
                <ul
                  class="usa-sidenav__sublist"
                >
                  <li
                    class="usa-sidenav__item"
                  >
                    <a
                      aria-current="page"
                      class=""
                      href="/admin/settings/dateformat"
                    >
                      Date and time format
                    </a>
                  </li>
                </ul>
                <ul
                  class="usa-sidenav__sublist"
                >
                  <li
                    class="usa-sidenav__item"
                  >
                    <a
                      aria-current="page"
                      class=""
                      href="/admin/settings/adminsite"
                    >
                      Admin site
                    </a>
                  </li>
                </ul>
              </li>
            </ul>
          </nav>
        </div>
        <main
          class="desktop:grid-col-9 usa-prose mobile-margin-top-2"
          id="main-content"
        >
          <h1>
            Publishing guidance
          </h1>
          <p>
            Publishing guidance is text that users must acknowledge before they publish a dashboard. For example, use this text to remind them to check for errors or mistakes, sensitive or confidential data, or guidance specific to your organization.
          </p>
          <div
            class="grid-row margin-top-0-important"
          >
            <div
              class="grid-col flex-9"
            >
              <h2
                class="text-bold"
              >
                Acknowledge statement
              </h2>
            </div>
            <div
              class="grid-col flex-3 text-right"
            >
              <button
                class="usa-button usa-button--outline margin-top-2"
              >
                Edit
              </button>
            </div>
          </div>
          <div
            class="grid-row margin-top-0-important"
          >
            <div
              class="grid-col flex-9"
            >
              <div
                class="publishing-guidance font-sans-lg"
              >
                <div
                  class="Markdown undefined"
                >
                  <p>
                    I acknowledge that I have reviewed the dashboard and it is ready to publish
                  </p>
                </div>
              </div>
            </div>
            <div
              class="grid-col flex-3 text-right"
            />
          </div>
        </main>
      </div>
    </div>
  </div>
</div>
`;
